// Jest Snapshot v1, https://goo.gl/fbAQLP

exports[`Canvas renders correctly 1`] = `
<textarea
  disabled="disabled"
  style={
    Object {
      "backgroundColor": "inherit",
      "border": 0,
      "color": "#000d33",
      "height": "65vh",
      "width": "100%",
    }
  }
  value="This is a value"
/>
`;
